// Jest Snapshot v1, https://goo.gl/fbAQLP

exports[`TriggerForm smoke 1`] = `
<Formik
  enableReinitialize={true}
  initialValues={
    Object {
      "address": undefined,
      "channels": Array [
        "telegram",
      ],
      "frequencyTimeType": Object {
        "label": "Hours",
        "value": "h",
      },
      "frequencyTimeValue": Object {
        "label": 1,
        "value": 1,
      },
      "frequencyType": Object {
        "label": "Once Per",
        "value": "onceper",
      },
      "isRepeating": true,
      "metric": Object {
        "label": "Price",
        "value": "price",
      },
      "percentThreshold": 5,
      "signalType": Object {
        "label": "Assets",
        "value": "assets",
      },
      "target": Object {
        "label": "santiment",
        "value": "santiment",
      },
      "timeWindow": 24,
      "timeWindowUnit": Object {
        "label": "hours",
        "value": "h",
      },
      "type": Object {
        "label": "Moving up %",
        "type": "percent_up",
        "value": "price_percent_change",
      },
    }
  }
  isInitialValid={true}
  onSubmit={[Function]}
  validate={[Function]}
  validateOnBlur={true}
  validateOnChange={true}
>
  <Component />
</Formik>
`;
