// Jest Snapshot v1, https://goo.gl/fbAQLP

exports[`TriggerForm smoke 1`] = `
<Formik
  enableReinitialize={true}
  initialValues={
    Object {
      "channels": Array [
        "telegram",
      ],
      "cooldown": "24h",
      "isRepeating": true,
      "metric": Object {
        "label": "Price",
        "value": "price",
      },
      "operation": Object {
        "label": "Moving up %",
        "value": "percent_up",
      },
      "percentThreshold": 5,
      "target": Object {
        "label": "santiment",
        "value": "santiment",
      },
      "timeWindow": 24,
      "timeWindowUnit": Object {
        "label": "hours",
        "value": "h",
      },
      "type": Object {
        "label": "Moving up %",
        "value": "price_percent_change",
      },
    }
  }
  isInitialValid={true}
  onSubmit={[Function]}
  validate={[Function]}
  validateOnBlur={true}
  validateOnChange={true}
>
  <Component />
</Formik>
`;
